src/components/ReportEditor.tsx(75,124): error TS7006: Parameter 'v' implicitly has an 'any' type.
src/components/ReportEditor.tsx(76,127): error TS7006: Parameter 'v' implicitly has an 'any' type.
src/components/ReportEditor.tsx(77,129): error TS7006: Parameter 'v' implicitly has an 'any' type.
src/components/ReportEditor.tsx(78,131): error TS7006: Parameter 'v' implicitly has an 'any' type.
