node.exe : FAIL tests/
excel-parsing.test.js
At line:1 char:1
+ & "C:\Program Files\
nodejs/node.exe" 
"C:\Program 
Files\nodejs/node_mo 
...
+ ~~~~~~~~~~~~~~~~~~~~
~~~~~~~~~~~~~~~~~~~~~~
~~~~~~~~~~~~~~~~~~~~~~
~~~~~
    + CategoryInfo    
          : NotSpeci  
  fied: (FAIL tests   
 /excel-parsing.te    
st.js:String) [],     
RemoteException
    + FullyQualifiedE 
   rrorId : NativeCo  
  mmandError
 
  Bid Form Excel 
Parsing
    ΓêÜ Bid Form file 
loads successfully (1 
ms)
    ΓêÜ Bid Form has 
correct header columns
    ├ù Bid item 
numbers are in X.XX 
format (4 ms)
    ΓêÜ Bid items 
have descriptions
  Schedule Excel 
Parsing
    ΓêÜ Schedule file 
loads successfully (1 
ms)
    ΓêÜ Schedule has 
Bid Item column for 
linking
    ΓêÜ Schedule 
tasks link to bid 
item numbers
  Data Structures
    ΓêÜ TaskBidLink 
has required fields
    ΓêÜ Allocation 
percentages sum 
correctly
    ΓêÜ Personnel 
structure supports 
dynamic lists
  Earned Value 
Calculations
    ΓêÜ Earned value 
calculation with 
single link
    ΓêÜ Earned value 
with split allocation

  ΓùÅ Bid Form Excel 
Parsing ΓÇ║ Bid item 
numbers are in X.XX 
format

    expect(received).t
oBe(expected) // 
Object.is equality

    Expected: "number"
    Received: "string"

    [0m [90m 44 
|[39m             
[36mconst[39m 
itemNum [33m=[39m ro
w[[35m0[39m][33m;[
39m
     [90m 45 |[39m  
           
[36mif[39m (itemNum 
[33m!=[39m 
[36mnull[39m) {
    [31m[1m>[22m[3
9m[90m 46 |[39m     
            expect([3
6mtypeof[39m itemNum)
[33m.[39mtoBe([32m'
number'[39m)[33m;[3
9m
     [90m    |[39m  
                      
                
[31m[1m^[22m[39m
     [90m 47 |[39m  
               
[36mconst[39m 
formatted [33m=[39m 
itemNum[33m.[39mtoFi
xed([35m2[39m)[33m;
[39m
     [90m 48 |[39m  
               expect(
formatted)[33m.[39mt
oMatch([35m/^\d+\.\d{
2}$/[39m)[33m;[39m
     [90m 49 |[39m  
           }[0m

      at tests/excel-p
arsing.test.js:46:40
          at 
Array.forEach 
(<anonymous>)
      at 
Object.<anonymous> (te
sts/excel-parsing.test
.js:43:18)

Test Suites: 1 
failed, 1 total
Tests:       1 
failed, 11 passed, 12 
total
Snapshots:   0 total
Time:        0.324 s, 
estimated 1 s
Ran all test suites 
matching tests/excel-p
arsing.test.js.
